// Jest Snapshot v1, https://goo.gl/fbAQLP

exports[`<App /> should match snapshot 1`] = `
<App>
  <div>
    <p>
      Hello World!
    </p>
  </div>
</App>
`;
